// Jest Snapshot v1, https://goo.gl/fbAQLP

exports[`should render a canvas 1`] = `null`;
